>>> lazy_matrix_mul = __import__('101-lazy_matrix_mul').lazy_matrix_mul

>>> lazy_matrix_mul([[1]], [[1]])
[[1]]
>>> lazy_matrix_mul([[1]], [[1.0]])
[[1.0]]
>>> lazy_matrix_mul([[1]], [[2]])
[[2]]
>>> lazy_matrix_mul([[2]], [[2.5]])
[[5.0]]
>>> lazy_matrix_mul([[1]], [[0]])
[[0]]
>>> lazy_matrix_mul([[0.0]], [[0]])
[[0.0]]
>>> lazy_matrix_mul([[0.0]], [[8]])
[[0.0]]
>>> lazy_matrix_mul([[-2]], [[2.5]])
[[-5.0]]
>>> lazy_matrix_mul([[-1]], [[0]])
[[0]]
>>> lazy_matrix_mul([[20]], [[-2]])
[[-40]]
>>> lazy_matrix_mul([[20]], [[-2.1]])
[[-42.0]]

>>> lazy_matrix_mul([[1, 2, 3]], [[4], [5], [6]])
[[32]]
>>> lazy_matrix_mul([[1, 2, 3]], [[-4], [5.3], [6]])
[[24.6]]
>>> lazy_matrix_mul([[1, 2, 3], [4, 5, 6]], [[4], [5], [6]])
[[32], [77]]
>>> lazy_matrix_mul([[1, 2, 3], [4, 5, 6.1]], [[-9.3], [-55], [6.0]])
[[-101.3], [-275.6]]
>>> lazy_matrix_mul([[1, 2, 3], [4, 5, 6]], [[4, 7], [5, 8], [6, 9]])
[[32, 50], [77, 122]]

## error checks

# missing arguments
>>> lazy_matrix_mul()
Traceback (most recent call last):
TypeError: lazy_matrix_mul() missing 2 required positional arguments: 'm_a' and 'm_b'

>>> lazy_matrix_mul([[1]])
Traceback (most recent call last):
TypeError: lazy_matrix_mul() missing 1 required positional argument: 'm_b'
