>>> print_square = __import__('4-print_square').print_square

>>> print_square(0)
>>> print_square(1)
#
>>> print_square(2)
##
##
>>> print_square(3)
###
###
###
>>> print_square(4)
####
####
####
####
>>> print_square(5)
#####
#####
#####
#####
#####

>>> print_square([1])
Traceback (most recent call last):
TypeError: size must be an integer
>>> print_square('abc')
Traceback (most recent call last):
TypeError: size must be an integer
>>> print_square('0')
Traceback (most recent call last):
TypeError: size must be an integer
>>> print_square(int)
Traceback (most recent call last):
TypeError: size must be an integer
>>> print_square(float)
Traceback (most recent call last):
TypeError: size must be an integer
>>> print_square(1+0j)
Traceback (most recent call last):
TypeError: size must be an integer
>>> print_square(0+0j)
Traceback (most recent call last):
TypeError: size must be an integer
>>> print_square(0.0)
Traceback (most recent call last):
TypeError: size must be an integer
>>> print_square(-0.0)
Traceback (most recent call last):
TypeError: size must be an integer
>>> print_square(-1.0)
Traceback (most recent call last):
TypeError: size must be an integer
>>> print_square(-1+0j)
Traceback (most recent call last):
TypeError: size must be an integer


>>> print_square(-1)
Traceback (most recent call last):
ValueError: size must be >= 0
>>> print_square(-2)
Traceback (most recent call last):
ValueError: size must be >= 0
>>> print_square(-3)
Traceback (most recent call last):
ValueError: size must be >= 0
>>> print_square(-10)
Traceback (most recent call last):
ValueError: size must be >= 0
>>> print_square(-100)
Traceback (most recent call last):
ValueError: size must be >= 0
>>> print_square(-1000)
Traceback (most recent call last):
ValueError: size must be >= 0
>>> print_square(-100000000)
Traceback (most recent call last):
ValueError: size must be >= 0
